exports["@hydrofoil/talos-core fromDirectories merges resources from multiple graph documents"] = "\n<https://example.com> {\n\t<https://example.com> a <http://schema.org/Thing> ;\n\t\t<http://schema.org/hasPart> <https://example.com/#part>, _:b1, _:namedPart, _:b6 ;\n\t\t<http://schema.org/name> \"Bar environment\" .\n\n\t<https://example.com/#part> <http://schema.org/minValue> \"10\"^^<http://www.w3.org/2001/XMLSchema#integer> ;\n\t\t<http://schema.org/maxValue> \"100\"^^<http://www.w3.org/2001/XMLSchema#integer> .\n\n\t_:b1 <http://schema.org/name> \"totally anonymous\" .\n\n\t_:namedPart <http://schema.org/name> \"Foo part\", \"Bar part\" .\n\n\t_:b6 <http://schema.org/name> \"totally anonymous\" .\n}\n\n";

exports["@hydrofoil/talos-core fromDirectories merges resources from dataset and graph documents"] = "\n<https://example.com/trig/users/john-doe> {\n\t<https://example.com/trig/users/john-doe> a <http://schema.org/Person>, <http://xmlns.com/foaf/0.1/Person> ;\n\t\t<http://www.w3.org/ns/earl#test> \"trig\" ;\n\t\t<http://xmlns.com/foaf/0.1/name> \"John Doe\" ;\n\t\t<http://schema.org/givenName> \"John\" .\n}\n\n";

exports["@hydrofoil/talos-core fromDirectories merges resources from multiple dataset documents"] = "\n<https://example.com/trig/users/jane-doe> {\n\t<https://example.com/trig/users/jane-doe> a <http://schema.org/Person>, <http://xmlns.com/foaf/0.1/Person> ;\n\t\t<http://www.w3.org/ns/earl#test> \"trig\" ;\n\t\t<http://xmlns.com/foaf/0.1/name> \"Jane Doe\" .\n}\n\n";

exports["@hydrofoil/talos-core fromDirectories uses the last representation when is marked to replace other envs"] = "\n<https://example.com/only/one> {\n\t<https://example.com/only/one> <http://schema.org/name> \"bar\" .\n}\n\n";

exports["@hydrofoil/talos-core fromDirectories uses the last representation when is marked in another env"] = "\n<https://example.com/only/two> {\n\t<https://example.com/only/two> <http://schema.org/name> \"bar\" .\n}\n\n";

exports["@hydrofoil/talos-core fromDirectories uses the last representation when is marked in a dataset document"] = "\n<https://example.com/only/three> {\n\t<https://example.com/only/three> <http://schema.org/name> \"bar\" .\n}\n\n";

exports["@hydrofoil/talos-core fromDirectories adds data with SPARQL"] = "\n<https://example.com/trig/users/john-doe-additional> {\n\t<https://example.com/trig/users/john-doe> a <http://xmlns.com/foaf/0.1/Person> ;\n\t\t<http://schema.org/givenName> \"John\" .\n}\n\n";

